---
source: crates/kaish-kernel/tests/ledger_approver_tests.rs
expression: block
---
pub trait Approver: Send + Sync {
    /// Stage 2: synchronous, on the request path, **contractually
    /// non-blocking**. Suitable for allowlists, risk-class rules, and
    /// "never `git.push.force`, full stop". `ledger` is the read side —
    /// pending requests, states, the log tail; it grants nothing.
    ///
    /// Blocking here blocks the gate site and every other execution behind
    /// it. Anything that can take time belongs in [`Self::decide`].
    fn policy(&self, req: &ApprovalRequestView, ledger: &Approvals) -> Decision {
        let _ = (req, ledger);
        Decision::Defer
    }

    /// Stage 3: async, may take minutes — a human at a terminal, a dialog in
    /// an embedder's UI, a clearance model. The chain runs it under a
    /// patient hold bounded by [`Self::decide_budget`] and races it against
    /// cancellation, so a slow decision does not trip the script timeout and
    /// a cancelled execution does not wait for one.
    async fn decide(&self, req: &ApprovalRequestView) -> Decision {
        let _ = req;
        Decision::Defer
    }

    /// Who decided. Recorded on every grant and denial this approver
    /// produces, so `approvals log` distinguishes machine clearance from
    /// human judgment (spec §E.6). Defaults to an `Automation` principal
    /// named `approver`.
    fn principal(&self) -> Principal {
        Principal::new("approver", PrincipalKind::Automation)
    }

    /// How long [`Self::decide`] may run under its patient hold. The
    /// watchdog fires if the hold outlives this, so it is the real bound on
    /// a human's think time. Defaults to [`DEFAULT_DECIDE_BUDGET`].
    fn decide_budget(&self) -> Duration {
        DEFAULT_DECIDE_BUDGET
    }
}
